<html>
<body>
<pre>
<h1>µVision Build Log</h1>
<h2>Project:</h2>
D:\STUDIA\V_semestr\Standardy_komunikacji_miedzyukladowej\SPI_basic\SPI.uvproj
Project File Date:  11/24/2020

<h2>Output:</h2>
Rebuild target 'Target 1'
assembling Startup.s...
compiling main.c...
compiling spi.c...
linking...
Program Size: Code=7272 RO-data=320 RW-data=4 ZI-data=2700  
FromELF: creating hex file...
".\SPI.axf" - 0 Errors, 0 Warning(s).
Rebuild target 'Target 1'
assembling Startup.s...
compiling main.c...
compiling spi.c...
linking...
Program Size: Code=7272 RO-data=320 RW-data=4 ZI-data=2700  
FromELF: creating hex file...
".\SPI.axf" - 0 Errors, 0 Warning(s).
Rebuild target 'Target 1'
assembling Startup.s...
compiling main.c...
compiling spi.c...
linking...
Program Size: Code=7272 RO-data=320 RW-data=4 ZI-data=2700  
FromELF: creating hex file...
".\SPI.axf" - 0 Errors, 0 Warning(s).
Rebuild target 'Target 1'
assembling Startup.s...
compiling main.c...
compiling spi.c...
linking...
Program Size: Code=7272 RO-data=320 RW-data=4 ZI-data=2700  
FromELF: creating hex file...
".\SPI.axf" - 0 Errors, 0 Warning(s).
